mode: set
github.com/Damirka228/travel_aggregator/internal/repository/inmemory.go:11.72,13.2 1 0
github.com/Damirka228/travel_aggregator/internal/repository/inmemory.go:15.99,22.2 1 0
github.com/Damirka228/travel_aggregator/internal/delivery/http/handler.go:15.58,17.2 1 0
github.com/Damirka228/travel_aggregator/internal/delivery/http/handler.go:19.72,21.16 2 0
github.com/Damirka228/travel_aggregator/internal/delivery/http/handler.go:21.16,24.3 2 0
github.com/Damirka228/travel_aggregator/internal/delivery/http/handler.go:25.2,25.20 1 0
github.com/Damirka228/travel_aggregator/internal/delivery/http/handler.go:25.20,28.3 2 0
github.com/Damirka228/travel_aggregator/internal/delivery/http/handler.go:29.2,30.16 2 0
github.com/Damirka228/travel_aggregator/internal/delivery/http/handler.go:30.16,33.3 2 0
github.com/Damirka228/travel_aggregator/internal/delivery/http/handler.go:35.2,36.16 2 0
github.com/Damirka228/travel_aggregator/internal/delivery/http/handler.go:36.16,39.3 2 0
github.com/Damirka228/travel_aggregator/internal/delivery/http/handler.go:41.2,42.35 2 0
github.com/Damirka228/travel_aggregator/internal/repository/dbqueries/db.go:20.28,22.2 1 0
github.com/Damirka228/travel_aggregator/internal/repository/dbqueries/db.go:28.46,32.2 1 0
github.com/Damirka228/travel_aggregator/internal/repository/dbqueries/destinations.sql.go:18.82,20.16 2 0
github.com/Damirka228/travel_aggregator/internal/repository/dbqueries/destinations.sql.go:20.16,22.3 1 0
github.com/Damirka228/travel_aggregator/internal/repository/dbqueries/destinations.sql.go:23.2,25.18 3 0
github.com/Damirka228/travel_aggregator/internal/repository/dbqueries/destinations.sql.go:25.18,33.17 2 0
github.com/Damirka228/travel_aggregator/internal/repository/dbqueries/destinations.sql.go:33.17,35.4 1 0
github.com/Damirka228/travel_aggregator/internal/repository/dbqueries/destinations.sql.go:36.3,36.27 1 0
github.com/Damirka228/travel_aggregator/internal/repository/dbqueries/destinations.sql.go:38.2,38.35 1 0
github.com/Damirka228/travel_aggregator/internal/repository/dbqueries/destinations.sql.go:38.35,40.3 1 0
github.com/Damirka228/travel_aggregator/internal/repository/dbqueries/destinations.sql.go:41.2,41.19 1 0
github.com/Damirka228/travel_aggregator/cmd/app/main.go:23.13,27.40 2 0
github.com/Damirka228/travel_aggregator/cmd/app/main.go:27.40,29.3 1 0
github.com/Damirka228/travel_aggregator/cmd/app/main.go:31.2,35.16 4 0
github.com/Damirka228/travel_aggregator/cmd/app/main.go:35.16,37.3 1 0
github.com/Damirka228/travel_aggregator/cmd/app/main.go:38.2,42.16 4 0
github.com/Damirka228/travel_aggregator/cmd/app/main.go:42.16,44.3 1 0
github.com/Damirka228/travel_aggregator/cmd/app/main.go:45.2,59.61 10 0
github.com/Damirka228/travel_aggregator/cmd/app/main.go:59.61,62.3 2 0
github.com/Damirka228/travel_aggregator/internal/cache/cache.go:27.69,29.26 2 0
github.com/Damirka228/travel_aggregator/internal/cache/cache.go:29.26,31.3 1 0
github.com/Damirka228/travel_aggregator/internal/cache/cache.go:32.2,36.3 1 0
github.com/Damirka228/travel_aggregator/internal/cache/cache.go:39.51,43.2 3 0
github.com/Damirka228/travel_aggregator/internal/cache/cache.go:45.68,51.42 5 0
github.com/Damirka228/travel_aggregator/internal/cache/cache.go:51.42,53.3 1 0
github.com/Damirka228/travel_aggregator/internal/cache/cache.go:54.2,54.21 1 0
github.com/Damirka228/travel_aggregator/internal/cache/cache.go:57.66,67.2 4 0
github.com/Damirka228/travel_aggregator/internal/cache/cache_repository.go:22.133,28.2 1 0
github.com/Damirka228/travel_aggregator/internal/cache/cache_repository.go:30.97,34.8 3 0
github.com/Damirka228/travel_aggregator/internal/cache/cache_repository.go:34.8,36.3 1 0
github.com/Damirka228/travel_aggregator/internal/cache/cache_repository.go:38.2,39.8 2 0
github.com/Damirka228/travel_aggregator/internal/cache/cache_repository.go:39.8,42.3 2 0
github.com/Damirka228/travel_aggregator/internal/cache/cache_repository.go:44.2,45.16 2 0
github.com/Damirka228/travel_aggregator/internal/cache/cache_repository.go:45.16,47.3 1 0
github.com/Damirka228/travel_aggregator/internal/cache/cache_repository.go:49.2,51.53 2 0
github.com/Damirka228/travel_aggregator/internal/cache/cache_repository.go:51.53,53.3 1 0
github.com/Damirka228/travel_aggregator/internal/cache/cache_repository.go:54.2,54.18 1 0
github.com/Damirka228/travel_aggregator/internal/repository/redis/client.go:10.73,15.47 2 0
github.com/Damirka228/travel_aggregator/internal/repository/redis/client.go:15.47,17.3 1 0
github.com/Damirka228/travel_aggregator/internal/repository/redis/client.go:19.2,19.20 1 0
github.com/Damirka228/travel_aggregator/internal/repository/redis/destinations_cache.go:18.88,23.2 1 0
github.com/Damirka228/travel_aggregator/internal/repository/redis/destinations_cache.go:25.95,27.16 2 0
github.com/Damirka228/travel_aggregator/internal/repository/redis/destinations_cache.go:27.16,30.3 2 0
github.com/Damirka228/travel_aggregator/internal/repository/redis/destinations_cache.go:31.2,32.61 2 0
github.com/Damirka228/travel_aggregator/internal/repository/redis/destinations_cache.go:32.61,34.3 1 0
github.com/Damirka228/travel_aggregator/internal/repository/redis/destinations_cache.go:35.2,35.21 1 0
github.com/Damirka228/travel_aggregator/internal/repository/redis/destinations_cache.go:39.97,41.16 2 0
github.com/Damirka228/travel_aggregator/internal/repository/redis/destinations_cache.go:41.16,43.3 1 0
github.com/Damirka228/travel_aggregator/internal/repository/redis/destinations_cache.go:44.2,44.54 1 0
github.com/Damirka228/travel_aggregator/internal/repository/travelpayouts/travelpayouts_repo.go:19.72,24.2 1 0
github.com/Damirka228/travel_aggregator/internal/repository/travelpayouts/travelpayouts_repo.go:26.92,29.16 3 0
github.com/Damirka228/travel_aggregator/internal/repository/travelpayouts/travelpayouts_repo.go:29.16,31.3 1 0
github.com/Damirka228/travel_aggregator/internal/repository/travelpayouts/travelpayouts_repo.go:32.2,33.16 2 0
github.com/Damirka228/travel_aggregator/internal/repository/travelpayouts/travelpayouts_repo.go:33.16,35.3 1 0
github.com/Damirka228/travel_aggregator/internal/repository/travelpayouts/travelpayouts_repo.go:36.2,37.38 2 0
github.com/Damirka228/travel_aggregator/internal/repository/travelpayouts/travelpayouts_repo.go:37.38,39.3 1 0
github.com/Damirka228/travel_aggregator/internal/repository/travelpayouts/travelpayouts_repo.go:40.2,41.67 2 0
github.com/Damirka228/travel_aggregator/internal/repository/travelpayouts/travelpayouts_repo.go:41.67,43.3 1 0
github.com/Damirka228/travel_aggregator/internal/repository/travelpayouts/travelpayouts_repo.go:44.2,45.45 2 0
github.com/Damirka228/travel_aggregator/internal/repository/travelpayouts/travelpayouts_repo.go:45.45,46.31 1 0
github.com/Damirka228/travel_aggregator/internal/repository/travelpayouts/travelpayouts_repo.go:46.31,53.9 2 0
github.com/Damirka228/travel_aggregator/internal/repository/travelpayouts/travelpayouts_repo.go:56.2,57.20 2 0
github.com/Damirka228/travel_aggregator/cmd/app/main.go:23.13,27.40 2 0
github.com/Damirka228/travel_aggregator/cmd/app/main.go:27.40,29.3 1 0
github.com/Damirka228/travel_aggregator/cmd/app/main.go:31.2,35.16 4 0
github.com/Damirka228/travel_aggregator/cmd/app/main.go:35.16,37.3 1 0
github.com/Damirka228/travel_aggregator/cmd/app/main.go:38.2,42.16 4 0
github.com/Damirka228/travel_aggregator/cmd/app/main.go:42.16,44.3 1 0
github.com/Damirka228/travel_aggregator/cmd/app/main.go:45.2,59.61 10 0
github.com/Damirka228/travel_aggregator/cmd/app/main.go:59.61,62.3 2 0
github.com/Damirka228/travel_aggregator/internal/cache/cache.go:27.69,29.26 2 0
github.com/Damirka228/travel_aggregator/internal/cache/cache.go:29.26,31.3 1 0
github.com/Damirka228/travel_aggregator/internal/cache/cache.go:32.2,36.3 1 0
github.com/Damirka228/travel_aggregator/internal/cache/cache.go:39.51,43.2 3 0
github.com/Damirka228/travel_aggregator/internal/cache/cache.go:45.68,51.42 5 0
github.com/Damirka228/travel_aggregator/internal/cache/cache.go:51.42,53.3 1 0
github.com/Damirka228/travel_aggregator/internal/cache/cache.go:54.2,54.21 1 0
github.com/Damirka228/travel_aggregator/internal/cache/cache.go:57.66,67.2 4 0
github.com/Damirka228/travel_aggregator/internal/cache/cache_repository.go:22.133,28.2 1 0
github.com/Damirka228/travel_aggregator/internal/cache/cache_repository.go:30.97,34.8 3 0
github.com/Damirka228/travel_aggregator/internal/cache/cache_repository.go:34.8,36.3 1 0
github.com/Damirka228/travel_aggregator/internal/cache/cache_repository.go:38.2,39.8 2 0
github.com/Damirka228/travel_aggregator/internal/cache/cache_repository.go:39.8,42.3 2 0
github.com/Damirka228/travel_aggregator/internal/cache/cache_repository.go:44.2,45.16 2 0
github.com/Damirka228/travel_aggregator/internal/cache/cache_repository.go:45.16,47.3 1 0
github.com/Damirka228/travel_aggregator/internal/cache/cache_repository.go:49.2,51.53 2 0
github.com/Damirka228/travel_aggregator/internal/cache/cache_repository.go:51.53,53.3 1 0
github.com/Damirka228/travel_aggregator/internal/cache/cache_repository.go:54.2,54.18 1 0
github.com/Damirka228/travel_aggregator/internal/delivery/http/handler.go:15.58,17.2 1 0
github.com/Damirka228/travel_aggregator/internal/delivery/http/handler.go:19.72,21.16 2 0
github.com/Damirka228/travel_aggregator/internal/delivery/http/handler.go:21.16,24.3 2 0
github.com/Damirka228/travel_aggregator/internal/delivery/http/handler.go:25.2,25.20 1 0
github.com/Damirka228/travel_aggregator/internal/delivery/http/handler.go:25.20,28.3 2 0
github.com/Damirka228/travel_aggregator/internal/delivery/http/handler.go:29.2,30.16 2 0
github.com/Damirka228/travel_aggregator/internal/delivery/http/handler.go:30.16,33.3 2 0
github.com/Damirka228/travel_aggregator/internal/delivery/http/handler.go:35.2,36.16 2 0
github.com/Damirka228/travel_aggregator/internal/delivery/http/handler.go:36.16,39.3 2 0
github.com/Damirka228/travel_aggregator/internal/delivery/http/handler.go:41.2,42.35 2 0
github.com/Damirka228/travel_aggregator/internal/repository/inmemory.go:11.72,13.2 1 0
github.com/Damirka228/travel_aggregator/internal/repository/inmemory.go:15.99,22.2 1 0
github.com/Damirka228/travel_aggregator/internal/repository/dbqueries/db.go:20.28,22.2 1 0
github.com/Damirka228/travel_aggregator/internal/repository/dbqueries/db.go:28.46,32.2 1 0
github.com/Damirka228/travel_aggregator/internal/repository/dbqueries/destinations.sql.go:18.82,20.16 2 0
github.com/Damirka228/travel_aggregator/internal/repository/dbqueries/destinations.sql.go:20.16,22.3 1 0
github.com/Damirka228/travel_aggregator/internal/repository/dbqueries/destinations.sql.go:23.2,25.18 3 0
github.com/Damirka228/travel_aggregator/internal/repository/dbqueries/destinations.sql.go:25.18,33.17 2 0
github.com/Damirka228/travel_aggregator/internal/repository/dbqueries/destinations.sql.go:33.17,35.4 1 0
github.com/Damirka228/travel_aggregator/internal/repository/dbqueries/destinations.sql.go:36.3,36.27 1 0
github.com/Damirka228/travel_aggregator/internal/repository/dbqueries/destinations.sql.go:38.2,38.35 1 0
github.com/Damirka228/travel_aggregator/internal/repository/dbqueries/destinations.sql.go:38.35,40.3 1 0
github.com/Damirka228/travel_aggregator/internal/repository/dbqueries/destinations.sql.go:41.2,41.19 1 0
github.com/Damirka228/travel_aggregator/internal/repository/postgres/destinations_repo.go:16.90,18.2 1 0
github.com/Damirka228/travel_aggregator/internal/repository/postgres/destinations_repo.go:20.99,22.16 2 0
github.com/Damirka228/travel_aggregator/internal/repository/postgres/destinations_repo.go:22.16,24.3 1 0
github.com/Damirka228/travel_aggregator/internal/repository/postgres/destinations_repo.go:26.2,28.27 2 0
github.com/Damirka228/travel_aggregator/internal/repository/postgres/destinations_repo.go:28.27,30.17 2 0
github.com/Damirka228/travel_aggregator/internal/repository/postgres/destinations_repo.go:30.17,32.4 1 0
github.com/Damirka228/travel_aggregator/internal/repository/postgres/destinations_repo.go:34.3,40.5 1 0
github.com/Damirka228/travel_aggregator/internal/repository/postgres/destinations_repo.go:42.2,42.20 1 0
github.com/Damirka228/travel_aggregator/internal/repository/redis/client.go:10.73,15.47 2 0
github.com/Damirka228/travel_aggregator/internal/repository/redis/client.go:15.47,17.3 1 0
github.com/Damirka228/travel_aggregator/internal/repository/redis/client.go:19.2,19.20 1 0
github.com/Damirka228/travel_aggregator/internal/repository/redis/destinations_cache.go:18.88,23.2 1 0
github.com/Damirka228/travel_aggregator/internal/repository/redis/destinations_cache.go:25.95,27.16 2 0
github.com/Damirka228/travel_aggregator/internal/repository/redis/destinations_cache.go:27.16,30.3 2 0
github.com/Damirka228/travel_aggregator/internal/repository/redis/destinations_cache.go:31.2,32.61 2 0
github.com/Damirka228/travel_aggregator/internal/repository/redis/destinations_cache.go:32.61,34.3 1 0
github.com/Damirka228/travel_aggregator/internal/repository/redis/destinations_cache.go:35.2,35.21 1 0
github.com/Damirka228/travel_aggregator/internal/repository/redis/destinations_cache.go:39.97,41.16 2 0
github.com/Damirka228/travel_aggregator/internal/repository/redis/destinations_cache.go:41.16,43.3 1 0
github.com/Damirka228/travel_aggregator/internal/repository/redis/destinations_cache.go:44.2,44.54 1 0
github.com/Damirka228/travel_aggregator/internal/repository/travelpayouts/travelpayouts_repo.go:19.72,24.2 1 0
github.com/Damirka228/travel_aggregator/internal/repository/travelpayouts/travelpayouts_repo.go:26.92,29.16 3 0
github.com/Damirka228/travel_aggregator/internal/repository/travelpayouts/travelpayouts_repo.go:29.16,31.3 1 0
github.com/Damirka228/travel_aggregator/internal/repository/travelpayouts/travelpayouts_repo.go:32.2,33.16 2 0
github.com/Damirka228/travel_aggregator/internal/repository/travelpayouts/travelpayouts_repo.go:33.16,35.3 1 0
github.com/Damirka228/travel_aggregator/internal/repository/travelpayouts/travelpayouts_repo.go:36.2,37.38 2 0
github.com/Damirka228/travel_aggregator/internal/repository/travelpayouts/travelpayouts_repo.go:37.38,39.3 1 0
github.com/Damirka228/travel_aggregator/internal/repository/travelpayouts/travelpayouts_repo.go:40.2,41.67 2 0
github.com/Damirka228/travel_aggregator/internal/repository/travelpayouts/travelpayouts_repo.go:41.67,43.3 1 0
github.com/Damirka228/travel_aggregator/internal/repository/travelpayouts/travelpayouts_repo.go:44.2,45.45 2 0
github.com/Damirka228/travel_aggregator/internal/repository/travelpayouts/travelpayouts_repo.go:45.45,46.31 1 0
github.com/Damirka228/travel_aggregator/internal/repository/travelpayouts/travelpayouts_repo.go:46.31,53.9 2 0
github.com/Damirka228/travel_aggregator/internal/repository/travelpayouts/travelpayouts_repo.go:56.2,57.20 2 0
github.com/Damirka228/travel_aggregator/internal/usecase/travel_service.go:18.77,20.2 1 1
github.com/Damirka228/travel_aggregator/internal/usecase/travel_service.go:22.119,29.31 2 1
github.com/Damirka228/travel_aggregator/internal/usecase/travel_service.go:29.31,31.21 2 1
github.com/Damirka228/travel_aggregator/internal/usecase/travel_service.go:31.21,36.18 4 1
github.com/Damirka228/travel_aggregator/internal/usecase/travel_service.go:36.18,39.5 2 1
github.com/Damirka228/travel_aggregator/internal/usecase/travel_service.go:41.4,44.14 4 1
github.com/Damirka228/travel_aggregator/internal/usecase/travel_service.go:47.2,50.24 3 1
github.com/Damirka228/travel_aggregator/internal/usecase/travel_service.go:50.24,51.42 1 1
github.com/Damirka228/travel_aggregator/internal/usecase/travel_service.go:51.42,53.4 1 1
github.com/Damirka228/travel_aggregator/internal/usecase/travel_service.go:55.2,55.20 1 1
github.com/Damirka228/travel_aggregator/cmd/app/main.go:23.13,27.40 2 0
github.com/Damirka228/travel_aggregator/cmd/app/main.go:27.40,29.3 1 0
github.com/Damirka228/travel_aggregator/cmd/app/main.go:31.2,35.16 4 0
github.com/Damirka228/travel_aggregator/cmd/app/main.go:35.16,37.3 1 0
github.com/Damirka228/travel_aggregator/cmd/app/main.go:38.2,42.16 4 0
github.com/Damirka228/travel_aggregator/cmd/app/main.go:42.16,44.3 1 0
github.com/Damirka228/travel_aggregator/cmd/app/main.go:45.2,59.61 10 0
github.com/Damirka228/travel_aggregator/cmd/app/main.go:59.61,62.3 2 0
github.com/Damirka228/travel_aggregator/internal/cache/cache.go:27.69,29.26 2 0
github.com/Damirka228/travel_aggregator/internal/cache/cache.go:29.26,31.3 1 0
github.com/Damirka228/travel_aggregator/internal/cache/cache.go:32.2,36.3 1 0
github.com/Damirka228/travel_aggregator/internal/cache/cache.go:39.51,43.2 3 0
github.com/Damirka228/travel_aggregator/internal/cache/cache.go:45.68,51.42 5 0
github.com/Damirka228/travel_aggregator/internal/cache/cache.go:51.42,53.3 1 0
github.com/Damirka228/travel_aggregator/internal/cache/cache.go:54.2,54.21 1 0
github.com/Damirka228/travel_aggregator/internal/cache/cache.go:57.66,67.2 4 0
github.com/Damirka228/travel_aggregator/internal/cache/cache_repository.go:22.133,28.2 1 0
github.com/Damirka228/travel_aggregator/internal/cache/cache_repository.go:30.97,34.8 3 0
github.com/Damirka228/travel_aggregator/internal/cache/cache_repository.go:34.8,36.3 1 0
github.com/Damirka228/travel_aggregator/internal/cache/cache_repository.go:38.2,39.8 2 0
github.com/Damirka228/travel_aggregator/internal/cache/cache_repository.go:39.8,42.3 2 0
github.com/Damirka228/travel_aggregator/internal/cache/cache_repository.go:44.2,45.16 2 0
github.com/Damirka228/travel_aggregator/internal/cache/cache_repository.go:45.16,47.3 1 0
github.com/Damirka228/travel_aggregator/internal/cache/cache_repository.go:49.2,51.53 2 0
github.com/Damirka228/travel_aggregator/internal/cache/cache_repository.go:51.53,53.3 1 0
github.com/Damirka228/travel_aggregator/internal/cache/cache_repository.go:54.2,54.18 1 0
github.com/Damirka228/travel_aggregator/internal/delivery/http/handler.go:15.58,17.2 1 0
github.com/Damirka228/travel_aggregator/internal/delivery/http/handler.go:19.72,21.16 2 0
github.com/Damirka228/travel_aggregator/internal/delivery/http/handler.go:21.16,24.3 2 0
github.com/Damirka228/travel_aggregator/internal/delivery/http/handler.go:25.2,25.20 1 0
github.com/Damirka228/travel_aggregator/internal/delivery/http/handler.go:25.20,28.3 2 0
github.com/Damirka228/travel_aggregator/internal/delivery/http/handler.go:29.2,30.16 2 0
github.com/Damirka228/travel_aggregator/internal/delivery/http/handler.go:30.16,33.3 2 0
github.com/Damirka228/travel_aggregator/internal/delivery/http/handler.go:35.2,36.16 2 0
github.com/Damirka228/travel_aggregator/internal/delivery/http/handler.go:36.16,39.3 2 0
github.com/Damirka228/travel_aggregator/internal/delivery/http/handler.go:41.2,42.35 2 0
github.com/Damirka228/travel_aggregator/internal/repository/inmemory.go:11.72,13.2 1 0
github.com/Damirka228/travel_aggregator/internal/repository/inmemory.go:15.99,22.2 1 0
github.com/Damirka228/travel_aggregator/internal/repository/dbqueries/db.go:20.28,22.2 1 1
github.com/Damirka228/travel_aggregator/internal/repository/dbqueries/db.go:28.46,32.2 1 0
github.com/Damirka228/travel_aggregator/internal/repository/dbqueries/destinations.sql.go:18.82,20.16 2 1
github.com/Damirka228/travel_aggregator/internal/repository/dbqueries/destinations.sql.go:20.16,22.3 1 0
github.com/Damirka228/travel_aggregator/internal/repository/dbqueries/destinations.sql.go:23.2,25.18 3 1
github.com/Damirka228/travel_aggregator/internal/repository/dbqueries/destinations.sql.go:25.18,33.17 2 1
github.com/Damirka228/travel_aggregator/internal/repository/dbqueries/destinations.sql.go:33.17,35.4 1 0
github.com/Damirka228/travel_aggregator/internal/repository/dbqueries/destinations.sql.go:36.3,36.27 1 1
github.com/Damirka228/travel_aggregator/internal/repository/dbqueries/destinations.sql.go:38.2,38.35 1 1
github.com/Damirka228/travel_aggregator/internal/repository/dbqueries/destinations.sql.go:38.35,40.3 1 0
github.com/Damirka228/travel_aggregator/internal/repository/dbqueries/destinations.sql.go:41.2,41.19 1 1
github.com/Damirka228/travel_aggregator/internal/repository/postgres/destinations_repo.go:16.90,18.2 1 1
github.com/Damirka228/travel_aggregator/internal/repository/postgres/destinations_repo.go:20.99,22.16 2 1
github.com/Damirka228/travel_aggregator/internal/repository/postgres/destinations_repo.go:22.16,24.3 1 0
github.com/Damirka228/travel_aggregator/internal/repository/postgres/destinations_repo.go:26.2,28.27 2 1
github.com/Damirka228/travel_aggregator/internal/repository/postgres/destinations_repo.go:28.27,30.17 2 1
github.com/Damirka228/travel_aggregator/internal/repository/postgres/destinations_repo.go:30.17,32.4 1 0
github.com/Damirka228/travel_aggregator/internal/repository/postgres/destinations_repo.go:34.3,40.5 1 1
github.com/Damirka228/travel_aggregator/internal/repository/postgres/destinations_repo.go:42.2,42.20 1 1
github.com/Damirka228/travel_aggregator/internal/repository/redis/client.go:10.73,15.47 2 0
github.com/Damirka228/travel_aggregator/internal/repository/redis/client.go:15.47,17.3 1 0
github.com/Damirka228/travel_aggregator/internal/repository/redis/client.go:19.2,19.20 1 0
github.com/Damirka228/travel_aggregator/internal/repository/redis/destinations_cache.go:18.88,23.2 1 0
github.com/Damirka228/travel_aggregator/internal/repository/redis/destinations_cache.go:25.95,27.16 2 0
github.com/Damirka228/travel_aggregator/internal/repository/redis/destinations_cache.go:27.16,30.3 2 0
github.com/Damirka228/travel_aggregator/internal/repository/redis/destinations_cache.go:31.2,32.61 2 0
github.com/Damirka228/travel_aggregator/internal/repository/redis/destinations_cache.go:32.61,34.3 1 0
github.com/Damirka228/travel_aggregator/internal/repository/redis/destinations_cache.go:35.2,35.21 1 0
github.com/Damirka228/travel_aggregator/internal/repository/redis/destinations_cache.go:39.97,41.16 2 0
github.com/Damirka228/travel_aggregator/internal/repository/redis/destinations_cache.go:41.16,43.3 1 0
github.com/Damirka228/travel_aggregator/internal/repository/redis/destinations_cache.go:44.2,44.54 1 0
github.com/Damirka228/travel_aggregator/internal/repository/travelpayouts/travelpayouts_repo.go:19.72,24.2 1 0
github.com/Damirka228/travel_aggregator/internal/repository/travelpayouts/travelpayouts_repo.go:26.92,29.16 3 0
github.com/Damirka228/travel_aggregator/internal/repository/travelpayouts/travelpayouts_repo.go:29.16,31.3 1 0
github.com/Damirka228/travel_aggregator/internal/repository/travelpayouts/travelpayouts_repo.go:32.2,33.16 2 0
github.com/Damirka228/travel_aggregator/internal/repository/travelpayouts/travelpayouts_repo.go:33.16,35.3 1 0
github.com/Damirka228/travel_aggregator/internal/repository/travelpayouts/travelpayouts_repo.go:36.2,37.38 2 0
github.com/Damirka228/travel_aggregator/internal/repository/travelpayouts/travelpayouts_repo.go:37.38,39.3 1 0
github.com/Damirka228/travel_aggregator/internal/repository/travelpayouts/travelpayouts_repo.go:40.2,41.67 2 0
github.com/Damirka228/travel_aggregator/internal/repository/travelpayouts/travelpayouts_repo.go:41.67,43.3 1 0
github.com/Damirka228/travel_aggregator/internal/repository/travelpayouts/travelpayouts_repo.go:44.2,45.45 2 0
github.com/Damirka228/travel_aggregator/internal/repository/travelpayouts/travelpayouts_repo.go:45.45,46.31 1 0
github.com/Damirka228/travel_aggregator/internal/repository/travelpayouts/travelpayouts_repo.go:46.31,53.9 2 0
github.com/Damirka228/travel_aggregator/internal/repository/travelpayouts/travelpayouts_repo.go:56.2,57.20 2 0
github.com/Damirka228/travel_aggregator/internal/usecase/travel_service.go:18.77,20.2 1 0
github.com/Damirka228/travel_aggregator/internal/usecase/travel_service.go:22.119,29.31 2 0
github.com/Damirka228/travel_aggregator/internal/usecase/travel_service.go:29.31,31.21 2 0
github.com/Damirka228/travel_aggregator/internal/usecase/travel_service.go:31.21,36.18 4 0
github.com/Damirka228/travel_aggregator/internal/usecase/travel_service.go:36.18,39.5 2 0
github.com/Damirka228/travel_aggregator/internal/usecase/travel_service.go:41.4,44.14 4 0
github.com/Damirka228/travel_aggregator/internal/usecase/travel_service.go:47.2,50.24 3 0
github.com/Damirka228/travel_aggregator/internal/usecase/travel_service.go:50.24,51.42 1 0
github.com/Damirka228/travel_aggregator/internal/usecase/travel_service.go:51.42,53.4 1 0
github.com/Damirka228/travel_aggregator/internal/usecase/travel_service.go:55.2,55.20 1 0
