{"level":"info","time":1790759064,"message":"the logger is initialized"}
{"level":"info","time":1790796543,"message":"the logger is initialized"}
{"level":"info","time":1790796543,"message":"start server port :8080"}
{"level":"info","time":1790796596,"message":"the logger is initialized"}
{"level":"info","time":1790796596,"message":"start server port :8080"}
{"level":"info","origin":"MOW","time":1790796616,"message":"Промах всех кэшей. Запрос в API Travelpayouts..."}
{"level":"warn","error":"api travelpayouts error, err: network error: Get \"https://api.travelpayouts.com/v1/prices/cheap?origin=MOW&destination=-&token=bd2a430c80f36dd1052eebb940edc5c6\": context deadline exceeded","repo_type":"*cache.CachedDestinationRepository","origin":"MOW","time":1790796626,"message":"Один из источников билетов не ответил на запрос"}
{"level":"info","origin":"MOW","time":1790796875,"message":"Промах всех кэшей. Запрос в API Travelpayouts..."}
{"level":"warn","error":"api travelpayouts error, err: network error: Get \"https://api.travelpayouts.com/v1/prices/cheap?origin=MOW&destination=-&token=bd2a430c80f36dd1052eebb940edc5c6\": context canceled","repo_type":"*cache.CachedDestinationRepository","origin":"MOW","time":1790796881,"message":"Один из источников билетов не ответил на запрос"}
{"level":"info","time":1790796903,"message":"the logger is initialized"}
{"level":"info","time":1790796903,"message":"start server port :8080"}
{"level":"info","origin":"MOW","time":1790796913,"message":"Промах всех кэшей. Запрос в API Travelpayouts..."}
{"level":"info","time":1790797563,"message":"the logger is initialized"}
{"level":"info","time":1790797563,"message":"start server port :8080"}
{"level":"info","origin":"MOW","time":1790797576,"message":"Промах всех кэшей. Запрос в API Travelpayouts..."}
{"level":"debug","key":"destinations:MOW","time":1790797583,"message":"Попадание в L1 кэш (ОЗУ)"}
{"level":"info","time":1790799713,"message":"the logger is initialized"}
{"level":"info","time":1790799713,"message":"start server port :8080"}
{"level":"info","time":1790799718,"message":"the logger is initialized"}
{"level":"info","time":1790799718,"message":"start server port :8080"}
{"level":"debug","key":"destinations:MOW","time":1790799727,"message":"Промах L1. Попадание в L2 кэш (Redis)"}
{"level":"debug","key":"destinations:MOW","time":1790799891,"message":"Попадание в L1 кэш (ОЗУ)"}
{"level":"info","time":1790800147,"message":"the logger is initialized"}
{"level":"info","time":1790800147,"message":"start server port :8080"}
{"level":"debug","key":"destinations:MOW","time":1790800150,"message":"Промах L1. Попадание в L2 кэш (Redis)"}
{"level":"info","time":1790800218,"message":"the logger is initialized"}
{"level":"info","time":1790800218,"message":"start server port :8080"}
{"level":"info","origin":"MOW","time":1790800220,"message":"Промах всех кэшей. Запрос в API Travelpayouts..."}
{"level":"warn","error":"api travelpayouts error, err: ошибка при создании запроса: parse \"https://travelpayouts.com%!(EXTRA string=MOW, string=bd2a430c80f36dd1052eebb940edc5c6)\": invalid URL escape \"%!(\"","repo_type":"*cache.CachedDestinationRepository","origin":"MOW","time":1790800220,"message":"Один из источников билетов не ответил на запрос"}
{"level":"info","time":1790800272,"message":"the logger is initialized"}
{"level":"info","time":1790800272,"message":"start server port :8080"}
{"level":"info","origin":"MOW","time":1790800275,"message":"Промах всех кэшей. Запрос в API Travelpayouts..."}
{"level":"warn","error":"api travelpayouts error, err: ошибка при создании запроса: parse \"https://travelpayouts.com%!(EXTRA string=MOW, string=bd2a430c80f36dd1052eebb940edc5c6)\": invalid URL escape \"%!(\"","repo_type":"*cache.CachedDestinationRepository","origin":"MOW","time":1790800275,"message":"Один из источников билетов не ответил на запрос"}
{"level":"info","time":1790800441,"message":"the logger is initialized"}
{"level":"info","time":1790800441,"message":"start server port :8080"}
{"level":"info","origin":"MOW","time":1790800450,"message":"Промах всех кэшей. Запрос в API Travelpayouts..."}
{"level":"info","time":1790800707,"message":"the logger is initialized"}
{"level":"info","time":1790800707,"message":"start server port :8080"}
{"level":"info","origin":"MOW","time":1790800709,"message":"Промах всех кэшей. Запрос в API Travelpayouts..."}
{"level":"info","time":1790801433,"message":"the logger is initialized"}
{"level":"info","time":1790801433,"message":"start server port :8080"}
{"level":"info","origin":"MOW","time":1790801443,"message":"Промах всех кэшей. Запрос в API Travelpayouts..."}
{"level":"info","time":1790801780,"message":"the logger is initialized"}
{"level":"info","time":1790801780,"message":"start server port :8080"}
{"level":"debug","key":"destinations:MOW","time":1790801788,"message":"Промах L1. Попадание в L2 кэш (Redis)"}
